// Jest Snapshot v1, https://goo.gl/fbAQLP

exports[`The PictureSources component. Should match the snapshot. 1`] = `
Array [
  <source
    data-testid="gallery__thumb__picture-source"
    media="min-width(720px)"
    srcset="test_large.jpg"
  />,
  <source
    data-testid="gallery__thumb__picture-source"
    media="min-width(480px)"
    srcset="test_medium.jpg"
  />,
  <source
    data-testid="gallery__thumb__picture-source"
    media="min-width(320px)"
    srcset="test_small.jpg"
  />,
]
`;
