// Jest Snapshot v1, https://goo.gl/fbAQLP

exports[`The Sources component. Should match the snapshot. 1`] = `
Array [
  <source
    data-testid="picture__source"
    media="min-width(320px)"
    srcset="test_small.jpg"
  />,
  <source
    data-testid="picture__source"
    media="min-width(480px)"
    srcset="test_medium.jpg"
  />,
  <source
    data-testid="picture__source"
    media="min-width(720px)"
    srcset="test_large.jpg"
  />,
]
`;
