// Jest Snapshot v1, https://goo.gl/fbAQLP

exports[`The Skill component. Should match the snapshot. 1`] = `
<span
  className="skill skill--is-core"
>
  Bar
</span>
`;
