// Jest Snapshot v1, https://goo.gl/fbAQLP

exports[`The Intro's Content component Should match the snapshot. 1`] = `
.emotion-3 {
  display: -webkit-box;
  display: -webkit-flex;
  display: -ms-flexbox;
  display: flex;
  -webkit-flex-direction: column;
  -ms-flex-direction: column;
  flex-direction: column;
  padding: 2rem;
}

@media (min-width:720px) {
  .emotion-3 {
    -webkit-flex-direction: row;
    -ms-flex-direction: row;
    flex-direction: row;
  }
}

.emotion-2 {
  display: -webkit-box;
  display: -webkit-flex;
  display: -ms-flexbox;
  display: flex;
  width: auto;
  -webkit-box-flex: 0;
  -webkit-flex-grow: 0;
  -ms-flex-positive: 0;
  flex-grow: 0;
  -webkit-flex-shrink: 0;
  -ms-flex-negative: 0;
  flex-shrink: 0;
  -webkit-flex-direction: column;
  -ms-flex-direction: column;
  flex-direction: column;
  -webkit-align-items: flex-start;
  -webkit-box-align: flex-start;
  -ms-flex-align: flex-start;
  align-items: flex-start;
}

@media (min-width:480px) {
  .emotion-2 {
    width: auto;
    margin: auto;
  }
}

@media (min-width:720px) {
  .emotion-2 {
    width: auto;
  }
}

.emotion-0 {
  display: -webkit-box;
  display: -webkit-flex;
  display: -ms-flexbox;
  display: flex;
  margin-bottom: 0.2rem;
  font-family: "Heebo",sans-serif;
  font-size: 2.8rem;
  color: hsla(48,7%,86%,1);
  line-height: 3.2rem;
}

.emotion-1 {
  display: -webkit-box;
  display: -webkit-flex;
  display: -ms-flexbox;
  display: flex;
  font-family: "Open Sans",sans-serif;
  font-weight: 400;
  font-size: 1.4rem;
  color: hsla(48,7%,86%,1);
}

<div
  class="emotion-3"
>
  <div
    class="emotion-2"
  >
    <h1
      class="emotion-0"
    >
      Foo
    </h1>
    <h2
      class="emotion-1"
    >
      Bar
    </h2>
  </div>
</div>
`;
